---
# Source: wiz-admission-controller/templates/serviceaccount.yaml
apiVersion: v1
kind: ServiceAccount
metadata:
  name: release-test-wiz-admission-controller
  namespace: "release-helm-namespace"
  labels:
    helm.sh/chart: ""
    app.kubernetes.io/chartName: wiz-admission-controller
    app.kubernetes.io/instance: release-test
    app.kubernetes.io/version: "2.7"
    app.kubernetes.io/managed-by: Helm
---
# Source: wiz-admission-controller/templates/serviceaccount.yaml
apiVersion: v1
kind: ServiceAccount
metadata:
  name: release-test-wiz-admission-controller-manager
  namespace: "release-helm-namespace"
  labels:
    helm.sh/chart: ""
    app.kubernetes.io/chartName: wiz-admission-controller
    app.kubernetes.io/instance: release-test
    app.kubernetes.io/version: "2.7"
    app.kubernetes.io/managed-by: Helm
---
# Source: wiz-admission-controller/templates/secret.yaml
apiVersion: v1
kind: Secret
metadata:
  name: release-test-api-token
  namespace: "release-helm-namespace"
  labels:
    helm.sh/chart: ""
    app.kubernetes.io/chartName: wiz-admission-controller
    app.kubernetes.io/instance: release-test
    app.kubernetes.io/version: "2.7"
    app.kubernetes.io/managed-by: Helm
stringData:
  clientId: "<insert-client-id>"
  clientToken: "<insert-client-token>"
---
# Source: wiz-admission-controller/templates/serviceaccount.yaml
apiVersion: rbac.authorization.k8s.io/v1
kind: ClusterRole
metadata:
  name: release-test-wiz-admission-controller-namespace-reader
  namespace: "release-helm-namespace"
  labels:
    helm.sh/chart: ""
    app.kubernetes.io/chartName: wiz-admission-controller
    app.kubernetes.io/instance: release-test
    app.kubernetes.io/version: "2.7"
    app.kubernetes.io/managed-by: Helm
rules:
- apiGroups: [""]
  resources: ["namespaces"]
  verbs: ["get", "list"]
---
# Source: wiz-admission-controller/templates/serviceaccount.yaml
apiVersion: rbac.authorization.k8s.io/v1
kind: ClusterRole
metadata:
  name: release-test-wiz-admission-controller-manager-event-creator
  namespace: "release-helm-namespace"
  labels:
    helm.sh/chart: ""
    app.kubernetes.io/chartName: wiz-admission-controller
    app.kubernetes.io/instance: release-test
    app.kubernetes.io/version: "2.7"
    app.kubernetes.io/managed-by: Helm
rules:
  - apiGroups: [""]
    resources: ["events"]
    verbs: ["create"]
---
# Source: wiz-admission-controller/templates/serviceaccount.yaml
apiVersion: rbac.authorization.k8s.io/v1
kind: ClusterRoleBinding
metadata:
  name: release-test-wiz-admission-controller-namespace
  namespace: "release-helm-namespace"
  labels:
    helm.sh/chart: ""
    app.kubernetes.io/chartName: wiz-admission-controller
    app.kubernetes.io/instance: release-test
    app.kubernetes.io/version: "2.7"
    app.kubernetes.io/managed-by: Helm
subjects:
- kind: ServiceAccount
  name: release-test-wiz-admission-controller
  namespace: "release-helm-namespace"
roleRef:
  kind: ClusterRole
  name: release-test-wiz-admission-controller-namespace-reader
  apiGroup: rbac.authorization.k8s.io
---
# Source: wiz-admission-controller/templates/serviceaccount.yaml
apiVersion: rbac.authorization.k8s.io/v1
kind: ClusterRoleBinding
metadata:
  name: release-test-wiz-admission-controller-manager-event-creator
  namespace: "release-helm-namespace"
  labels:
    helm.sh/chart: ""
    app.kubernetes.io/chartName: wiz-admission-controller
    app.kubernetes.io/instance: release-test
    app.kubernetes.io/version: "2.7"
    app.kubernetes.io/managed-by: Helm
roleRef:
  kind: ClusterRole
  name: release-test-wiz-admission-controller-manager-event-creator
  apiGroup: rbac.authorization.k8s.io
subjects:
  - kind: ServiceAccount
    name: release-test-wiz-admission-controller-manager
    namespace: "release-helm-namespace"
---
# Source: wiz-admission-controller/templates/serviceaccount.yaml
apiVersion: rbac.authorization.k8s.io/v1
kind: Role
metadata:
  name: release-test-wiz-admission-controller-manager-pods-and-deployments-manager
  namespace: "release-helm-namespace"
  labels:
    helm.sh/chart: ""
    app.kubernetes.io/chartName: wiz-admission-controller
    app.kubernetes.io/instance: release-test
    app.kubernetes.io/version: "2.7"
    app.kubernetes.io/managed-by: Helm
rules:
  - apiGroups: ["apps"]
    resources: ["deployments"]
    resourceNames: ["release-test-wiz-admission-controller"]
    verbs: ["get", "patch"]
  - apiGroups: [""]
    resources: ["pods"]
    verbs: ["get", "list"]
---
# Source: wiz-admission-controller/templates/serviceaccount.yaml
apiVersion: rbac.authorization.k8s.io/v1
kind: RoleBinding
metadata:
  name: release-test-wiz-admission-controller-manager-pods-and-deployments
  namespace: "release-helm-namespace"
  labels:
    helm.sh/chart: ""
    app.kubernetes.io/chartName: wiz-admission-controller
    app.kubernetes.io/instance: release-test
    app.kubernetes.io/version: "2.7"
    app.kubernetes.io/managed-by: Helm
subjects:
  - kind: ServiceAccount
    name: release-test-wiz-admission-controller-manager
    namespace: "release-helm-namespace"
roleRef:
  kind: Role
  name: release-test-wiz-admission-controller-manager-pods-and-deployments-manager
  apiGroup: rbac.authorization.k8s.io
---
# Source: wiz-admission-controller/templates/service.yaml
apiVersion: v1
kind: Service
metadata:
  name: release-test-wiz-admission-controller
  namespace: "release-helm-namespace"
  labels:
    helm.sh/chart: ""
    app.kubernetes.io/chartName: wiz-admission-controller
    app.kubernetes.io/instance: release-test
    app.kubernetes.io/version: "2.7"
    app.kubernetes.io/managed-by: Helm
    app.kubernetes.io/name: wiz-admission-controller
spec:
  type: ClusterIP
  ports:
    - port: 443
      targetPort: 10250
      protocol: TCP
  selector:
    app.kubernetes.io/chartName: wiz-admission-controller
    app.kubernetes.io/instance: release-test
    app.kubernetes.io/name: wiz-admission-controller
---
# Source: wiz-admission-controller/templates/deploymentenforcement.yaml
apiVersion: apps/v1
kind: Deployment
metadata:
  name: release-test-wiz-admission-controller
  namespace: "release-helm-namespace"
  labels:
    helm.sh/chart: ""
    app.kubernetes.io/chartName: wiz-admission-controller
    app.kubernetes.io/instance: release-test
    app.kubernetes.io/version: "2.7"
    app.kubernetes.io/managed-by: Helm
    app.kubernetes.io/name: wiz-admission-controller
spec:
  replicas: 2
  selector:
    matchLabels:
      app.kubernetes.io/chartName: wiz-admission-controller
      app.kubernetes.io/instance: release-test
      app.kubernetes.io/name: wiz-admission-controller
  template:
    metadata:
      annotations:
        rollme.proxyHash: 19514bab71d978154200cb24acbc4334cc95e5470ccab6e9216c99152171633a
        rollme.wizApiTokenHash: be7f348cb8721e285ea80fa05ef524362ac46a57b0539e78b390db2bb0acb1be
        rollme.webhookCert: fdc031ccf54dc3f306370c2d8537b947317131684d54fbda77f2d6ea0d4d082e
      labels:
        
        helm.sh/chart: ""
        app.kubernetes.io/chartName: wiz-admission-controller
        app.kubernetes.io/instance: release-test
        app.kubernetes.io/version: "2.7"
        app.kubernetes.io/managed-by: Helm
        app.kubernetes.io/name: wiz-admission-controller
    spec:
      serviceAccountName: release-test-wiz-admission-controller
      securityContext:
        {}
      terminationGracePeriodSeconds: 60
      containers:
        - name: wiz-admission-controller
          securityContext:
            capabilities:
              drop:
              - ALL
            readOnlyRootFilesystem: true
            runAsNonRoot: true
            runAsUser: 1000
          image: wiziopublic.azurecr.io/wiz-app/wiz-admission-controller:2.7
          imagePullPolicy: Always
          ports:
          - containerPort: 10250
          readinessProbe:
            httpGet:
              path: /ready
              port: 8000
              scheme: HTTPS
            failureThreshold: 1
            initialDelaySeconds: 5
            periodSeconds: 5
            timeoutSeconds: 30
          livenessProbe:
            httpGet:
              path: /live
              port: 8000
              scheme: HTTPS
            failureThreshold: 3
            initialDelaySeconds: 5
            timeoutSeconds: 30
          startupProbe:
            httpGet:
              path: /ready
              port: 8000
              scheme: HTTPS
            failureThreshold: 30
            initialDelaySeconds: 5
            timeoutSeconds: 300

          command:
          - "/usr/bin/wiz-admission-controller"
          # Cluster identification flags
          # Server flags
          - "--port=10250"
          - "--tls-private-key-file=/var/server-certs/tls.key"
          - "--tls-cert-file=/var/server-certs/tls.crt"
          - "--readiness-port=8000"
          # Kubernetes API server flags
          - "--namespace-cache-ttl=10m"
          # Webhook flags # check opaWebhook for backward compatibility
          - "--error-enforcement-method=AUDIT"
          # OPA webhook flags
          - "--misconfiguration-enabled=true"
          
          # Image integrity webhook flags# Disable K8S audit logs webhook
          - "--kubernetes-audit-logs-enabled=false"
          env:
          - name: WIZ_CLIENT_ID
            valueFrom:
              secretKeyRef:
                name: release-test-api-token
                key: clientId
                optional: false
          - name: WIZ_CLIENT_TOKEN
            valueFrom:
              secretKeyRef:
                name: release-test-api-token
                key: clientToken
                optional: false
          - name: WIZ_ENV
            value: 
          - name: LOG_LEVEL
            value: info
          - name: WIZ_RUNTIME_METADATA_POD_NAME
            valueFrom:
              fieldRef:
                fieldPath: metadata.name
          - name: WIZ_RUNTIME_METADATA_NODE_NAME
            valueFrom:
              fieldRef:
                fieldPath: spec.nodeName
          - name: K8S_NAMESPACE
            valueFrom:
              fieldRef:
                fieldPath: metadata.namespace
          - name: WIZ_TERMINATION_GRACE_PERIOD
            value: "60s"
          - name: WIZ_IMAGE_INTEGRITY_PATCH_IMAGE_DIGEST_ANNOTATION
            value: "true"
           # For running pod with read only file system we write all the cache files to /var/cache volume mount, used by image integrity hook
          - name: TUF_ROOT
            value: "/var/cache/.sigstore"
          - name: AWS_ECR_CACHE_DIR
            value: "/var/cache/.ecr"
           ## Image registry client flags
          - name: WIZ_REGISTRY_IGNORE_SECRET_MISSING_ERROR
            value: "false"
          - name: WIZ_REGISTRY_IMAGE_PULL_SECRET_RELOAD_INTERVAL
            value: "5m"
          ## Enable debug webhook that only logs the request
          resources:
            {}
          volumeMounts:
          - mountPath: /var/cache
            name: cache
          - mountPath: /var/server-certs
            name: server-certs
            readOnly: true
      volumes:
        - name: cache
          emptyDir: {}
        - name: server-certs
          secret:
            defaultMode: 444
            secretName: release-test-wiz-admission-controller-cert
---
# Source: wiz-admission-controller/templates/cronjobmanager.yaml
apiVersion: batch/v1
kind: CronJob
metadata:
  name: release-test-wiz-admission-controller-manager
  namespace: "release-helm-namespace"
  labels:
    helm.sh/chart: ""
    app.kubernetes.io/chartName: wiz-admission-controller
    app.kubernetes.io/instance: release-test
    app.kubernetes.io/version: "2.7"
    app.kubernetes.io/managed-by: Helm
    app.kubernetes.io/name: release-test-wiz-admission-controller-manager
spec:
  schedule: "0 * * * *"
  concurrencyPolicy: Forbid  # Ensures only one job instance runs at a time
  jobTemplate:
    spec:
      activeDeadlineSeconds: 300
      ttlSecondsAfterFinished: 300
      template:
        metadata:
          annotations:
            rollme.proxyHash: 19514bab71d978154200cb24acbc4334cc95e5470ccab6e9216c99152171633a
            rollme.wizApiTokenHash: be7f348cb8721e285ea80fa05ef524362ac46a57b0539e78b390db2bb0acb1be
          labels:
            helm.sh/chart: ""
            app.kubernetes.io/chartName: wiz-admission-controller
            app.kubernetes.io/instance: release-test
            app.kubernetes.io/version: "2.7"
            app.kubernetes.io/managed-by: Helm
            app.kubernetes.io/name: release-test-wiz-admission-controller-manager
        spec:
          restartPolicy: Never
          serviceAccountName: release-test-wiz-admission-controller-manager
          securityContext:
            {}
          terminationGracePeriodSeconds: 60
          containers:
            - name: wiz-admission-controller
              securityContext:
                capabilities:
                  drop:
                  - ALL
                readOnlyRootFilesystem: true
                runAsNonRoot: true
                runAsUser: 1000
              image: "wiziopublic.azurecr.io/wiz-app/wiz-admission-controller:2.7"
              imagePullPolicy: Always
              command:
              - "/usr/bin/wiz-admission-controller"
              - "manager"
              # Cluster identification flags
              - "--update-deployments=release-test-wiz-admission-controller"
              # Auto update flags
              - "--auto-update-enabled=true"
              - "--release-namespace=release-helm-namespace"
              env:
              - name: WIZ_CLIENT_ID
                valueFrom:
                  secretKeyRef:
                    name: release-test-api-token
                    key: clientId
                    optional: false
              - name: WIZ_CLIENT_TOKEN
                valueFrom:
                  secretKeyRef:
                    name: release-test-api-token
                    key: clientToken
                    optional: false
              - name: WIZ_ENV
                value: 
              - name: LOG_LEVEL
                value: info
              - name: WIZ_RUNTIME_METADATA_POD_NAME
                valueFrom:
                  fieldRef:
                    fieldPath: metadata.name
              - name: WIZ_RUNTIME_METADATA_NODE_NAME
                valueFrom:
                  fieldRef:
                    fieldPath: spec.nodeName
              - name: K8S_NAMESPACE
                valueFrom:
                  fieldRef:
                    fieldPath: metadata.namespace
              - name: WIZ_TERMINATION_GRACE_PERIOD
                value: "60s"
              resources:
                {}
          volumes:
---
# Source: wiz-admission-controller/templates/opawebhook.yaml
apiVersion: v1
kind: Secret
type: kubernetes.io/tls
metadata:
  name: release-test-wiz-admission-controller-cert
  namespace: "release-helm-namespace"
  labels:
    helm.sh/chart: ""
    app.kubernetes.io/chartName: wiz-admission-controller
    app.kubernetes.io/instance: release-test
    app.kubernetes.io/version: "2.7"
    app.kubernetes.io/managed-by: Helm
  annotations:
    # Using helm hook to create certs only for chart install
    "helm.sh/hook": "pre-install, pre-upgrade"
    "helm.sh/hook-delete-policy": "before-hook-creation"
data:
  tls.crt: ""
  tls.key: ""
---
# Source: wiz-admission-controller/templates/opawebhook.yaml
apiVersion: admissionregistration.k8s.io/v1
kind: ValidatingWebhookConfiguration
metadata:
  name: release-test-wiz-admission-controller-misconfigurations
  namespace: "release-helm-namespace"
  labels:
    helm.sh/chart: ""
    app.kubernetes.io/chartName: wiz-admission-controller
    app.kubernetes.io/instance: release-test
    app.kubernetes.io/version: "2.7"
    app.kubernetes.io/managed-by: Helm
  annotations:
    "helm.sh/hook": "post-install, post-upgrade"
    "helm.sh/hook-delete-policy": "before-hook-creation"
webhooks:
- name: misconfigurationsadmissionvalidator.wiz.io
  admissionReviewVersions: ["v1", "v1beta1"]
  clientConfig:
    service:
      namespace: release-helm-namespace
      name: release-test-wiz-admission-controller
      path: /opa-validator
      port: 443
    caBundle: LS0tLS1CRUdJTiBDRVJUSUZJQ0FURS0tLS0tCk1JSUVWakNDQXo2Z0F3SUJBZ0lSQUxTMEtUbWFSd2h6Z25LelNldXUyajB3RFFZSktvWklodmNOQVFFTEJRQXcKSmpFa01DSUdBMVVFQXhNYmQybDZMV0ZrYldsemMybHZiaTFqYjI1MGNtOXNiR1Z5TFdOaE1CNFhEVEkwTVRFdwpOekUyTlRjeU1sb1hEVE0wTVRFd05URTJOVGN5TWxvd01ERXVNQ3dHQTFVRUF4TWxjbVZzWldGelpTMTBaWE4wCkxYZHBlaTFoWkcxcGMzTnBiMjR0WTI5dWRISnZiR3hsY2pDQ0FTSXdEUVlKS29aSWh2Y05BUUVCQlFBRGdnRVAKQURDQ0FRb0NnZ0VCQUsvVERaRWduRC9GSzZ5QnVNbzRranlVNE1ESGFldG1MdFgvS1JLSVhmMHZ1dmZueElhMQpSUWFnWTRyZXRldUZObStlSzI3WFpKR1J1akxsYjd6TEM3T0EwTTlGTFR5OVB0aXhSTjBJeTI4RDZrcU9KUzhCCk5KVjBRWFFWem1URnZob04rbklKN0pEazRDT3k0SVczZVdXejEyWUkvaVJMa2lBa081YmFvY2dPSi8vcWNTZ2kKQ2ZHUy9OVVhlZStHT2dNT1BsYmdEaDc1cHZXVkhWWFBPL1ZocEFlblhvNW02cVpzSmZFa2hQQk85WUxieTVtbApmZHl2b2wxVFpwcUdCYitqejhMOHFGaHlNK1oyZjEwQ0RWZHdWQVUrMTVtZ0lYU1FjbE1LZzBwRDFzeVlYSmFvCndHTFY0c1lUOEZsYUQvWDF6MVFiazFjdGFleFN2RzZHWFVVQ0F3RUFBYU9DQVhNd2dnRnZNQTRHQTFVZER3RUIKL3dRRUF3SUZvREFkQmdOVkhTVUVGakFVQmdnckJnRUZCUWNEQVFZSUt3WUJCUVVIQXdJd0RBWURWUjBUQVFILwpCQUl3QURBZkJnTlZIU01FR0RBV2dCU1JPK3hSZFlGaG1XVUlCeXRmVkVWSFhTK2syakNDQVEwR0ExVWRFUVNDCkFRUXdnZ0VBZ2p4eVpXeGxZWE5sTFhSbGMzUXRkMmw2TFdGa2JXbHpjMmx2YmkxamIyNTBjbTlzYkdWeUxuSmwKYkdWaGMyVXRhR1ZzYlMxdVlXMWxjM0JoWTJXQ1FISmxiR1ZoYzJVdGRHVnpkQzEzYVhvdFlXUnRhWE56YVc5dQpMV052Ym5SeWIyeHNaWEl1Y21Wc1pXRnpaUzFvWld4dExXNWhiV1Z6Y0dGalpTNXpkbU9DUEhKbGJHVmhjMlV0CmRHVnpkQzEzYVhvdFlYVmthWFF0Ykc5bmN5MWpiMnhzWldOMGIzSXVjbVZzWldGelpTMW9aV3h0TFc1aGJXVnoKY0dGalpZSkFjbVZzWldGelpTMTBaWE4wTFhkcGVpMWhkV1JwZEMxc2IyZHpMV052Ykd4bFkzUnZjaTV5Wld4bApZWE5sTFdobGJHMHRibUZ0WlhOd1lXTmxMbk4yWXpBTkJna3Foa2lHOXcwQkFRc0ZBQU9DQVFFQVNYMnJnLzE2CkNaTEdDdUZoa3NvZTZSb0l4YjJCRjFnUENick9TNUc5UWxhUWFLbURrWkN6TGVZemFrcWJiQXBYa3NLbXdqQisKK2FFS1IvOUZ6ZnhuUUdRQ0hxbURwbW8yVnFtMVZ2T2pQMVIyU3dXVFRzcXhONjhPVCsyclp4SkIwaXRrTEVnSAorcU42WnIzRGxjNHI5TVRWbG5Ocm5yb0dXWGdmWUh0Qm5sUjhyNWFRMGsrZit5YlR6blRhbFlENVBUVlpITWhiCjBLM2ZpcUp5aDJzclFVUldsbnZnUUxvUEIwaUNnY21RVXVpeEEwekdnNDhCWkpqTDhuYnlaMEpKVm84WUxTUDMKNG93d3lLKzlXZmQzbVlJcnp6NERYb0Q2ZWJxbFMxV3ZyaVVETVprVnJodzZQV1BQNEpYQnRBUU1vZ2pPNnRwTQpMY1N6SUxwc3pleWhOUT09Ci0tLS0tRU5EIENFUlRJRklDQVRFLS0tLS0K
  rules:
    - apiGroups:
      - '*'
      apiVersions:
      - '*'
      operations:
      - CREATE
      - UPDATE
      resources:
      - namespaces
      - configmaps
      - ingresses
      - services
      - pods
      - deployments
      - jobs
      - cronjobs
      - replicasets
      - statefulsets
      - daemonsets
  namespaceSelector:
    matchExpressions:
    - key: kubernetes.io/metadata.name
      operator: NotIn
      values:
      - kube-system
      - kube-node-lease
  timeoutSeconds: 8
  failurePolicy: Ignore
  sideEffects: None