---
# Source: wiz-outpost-configuration/templates/agent.secret.yaml
apiVersion: v1
kind: Secret
metadata:
  name: wiz-outpost-agent-creds
  labels:
    helm.sh/chart: "GOLDEN_STATIC_VALUE"
    app.kubernetes.io/name: wiz-outpost-configuration
    app.kubernetes.io/instance: release-test
    app.kubernetes.io/version: "0.0.1"
    app.kubernetes.io/managed-by: Helm
stringData:
  clientId: "client-id"
  clientSecret: "client-secret"
---
# Source: wiz-outpost-configuration/templates/httpProxyConfiguration.secret.yaml
apiVersion: v1
kind: Secret
type: Opaque
metadata:
  name: wiz-http-proxy-configuration
  labels:
    helm.sh/chart: "GOLDEN_STATIC_VALUE"
    app.kubernetes.io/name: wiz-outpost-configuration
    app.kubernetes.io/instance: release-test
    app.kubernetes.io/version: "0.0.1"
    app.kubernetes.io/managed-by: Helm
  annotations:
    meta.helm.sh/release-name: "release-test"
    meta.helm.sh/release-namespace: "release-helm-namespace"
data:
  httpProxy: "aHR0cDovL2h0dHBwcm94eS5jb20="
  http-proxy: "aHR0cDovL2h0dHBwcm94eS5jb20="
  httpsProxy: "aHR0cDovL2h0dHBzcHJveHkuY29t"
  https-proxy: "aHR0cDovL2h0dHBzcHJveHkuY29t"
  no-proxy-address: "bG9jYWxob3N0IC5jbHVzdGVyLmxvY2Fs"
  no-proxy-address-cs: "bG9jYWxob3N0LC5jbHVzdGVyLmxvY2Fs"
  noProxyAddress: "bG9jYWxob3N0LC5jbHVzdGVyLmxvY2Fs"
  noProxyAddressSpaceSepareted: "bG9jYWxob3N0IC5jbHVzdGVyLmxvY2Fs"
  caCertificate: ""
