---
# Source: wiz-network-analyzer/templates/service-account-cluster-reader.yaml
apiVersion: rbac.authorization.k8s.io/v1
kind: ClusterRole
metadata:
  name: wiz-network-analyzer-cluster-reader
  labels:
    helm.sh/chart: "GOLDEN_STATIC_VALUE"
    app.kubernetes.io/name: wiz-network-analyzer
    app.kubernetes.io/instance: release-test
    app.kubernetes.io/version: "0.1"
    app.kubernetes.io/managed-by: Helm
rules:
  - apiGroups:
    - '*'
    resources:
    - '*'
    verbs:
    - get
    - list
    - watch
---
# Source: wiz-network-analyzer/templates/service-account-cluster-reader.yaml
apiVersion: rbac.authorization.k8s.io/v1
kind: ClusterRoleBinding
metadata:
  name: wiz-network-analyzer-cluster-reader
  labels:
    helm.sh/chart: "GOLDEN_STATIC_VALUE"
    app.kubernetes.io/name: wiz-network-analyzer
    app.kubernetes.io/instance: release-test
    app.kubernetes.io/version: "0.1"
    app.kubernetes.io/managed-by: Helm
roleRef:
  apiGroup: rbac.authorization.k8s.io
  kind: ClusterRole
  name:  wiz-network-analyzer-cluster-reader
subjects:
- kind: ServiceAccount
  name: wiz-network-analyzer-cluster-reader
  namespace: "release-helm-namespace"
---
# Source: wiz-network-analyzer/templates/job-network-analyzer.yaml
apiVersion: batch/v1
kind: Job
metadata:
  name: wiz-network-analyzer
  namespace: "release-helm-namespace"
  labels:
    helm.sh/chart: "GOLDEN_STATIC_VALUE"
    app.kubernetes.io/name: wiz-network-analyzer
    app.kubernetes.io/instance: release-test
    app.kubernetes.io/version: "0.1"
    app.kubernetes.io/managed-by: Helm
  annotations:
    rollme.wizApiTokenHash: 6d187a29d523282461d9087dc16d037fa8ffc8e309c077db44a1c4196e4583dd
    rollme.proxyHash: bc2333e729661dafd00f6fe94f12b80f8c49728881b12c5726bc21a63178185b

spec:
  ttlSecondsAfterFinished: 300
  manualSelector: true
  selector:
    matchLabels:
      app.kubernetes.io/name: wiz-network-analyzer
      app.kubernetes.io/instance: release-test
  backoffLimit: 1
  template:
    metadata:
      labels:
        helm.sh/chart: "GOLDEN_STATIC_VALUE"
        app.kubernetes.io/name: wiz-network-analyzer
        app.kubernetes.io/instance: release-test
        app.kubernetes.io/version: "0.1"
        app.kubernetes.io/managed-by: Helm
    spec:
      serviceAccountName: wiz-network-analyzer-cluster-reader
      restartPolicy: "Never"
      securityContext:
        runAsNonRoot: true
        runAsUser: 1000
      containers:
        - name: wiz-network-analyzer
          securityContext:
            allowPrivilegeEscalation: false
            runAsNonRoot: true
            runAsUser: 1000
          image: wiziopublic.azurecr.io/wiz-app/wiz-network-analyzer:0.1
          imagePullPolicy: Always
          command:
            - "wiz-network-analyzer"
          args:
            
            - analyze
            - --region
            - us-east-2
          env:
          - name: LOG_LEVEL
            value: info
          - name: WIZ_CLIENT_ID
            valueFrom:
              secretKeyRef:
                name: release-test-na-api-token
                key: clientId
                optional: false
          - name: WIZ_CLIENT_TOKEN
            valueFrom:
              secretKeyRef:
                name: release-test-na-api-token
                key: clientToken
                optional: false
          - name: WIZ_CLIENT_SECRET
            valueFrom:
              secretKeyRef:
                name: release-test-na-api-token
                key: clientToken
                optional: false
          - name: WIZ_ENV
            value: 
          resources:
            null
---
# Source: wiz-network-analyzer/templates/service-account-cluster-reader.yaml
apiVersion: v1
kind: ServiceAccount
metadata:
  name: wiz-network-analyzer-cluster-reader
  namespace: "release-helm-namespace"
  labels:
    helm.sh/chart: "GOLDEN_STATIC_VALUE"
    app.kubernetes.io/name: wiz-network-analyzer
    app.kubernetes.io/instance: release-test
    app.kubernetes.io/version: "0.1"
    app.kubernetes.io/managed-by: Helm
  annotations:
    "helm.sh/hook": pre-install,pre-upgrade
    "helm.sh/hook-delete-policy": before-hook-creation
---
# Source: wiz-network-analyzer/templates/secrets-wiz-api-token.yaml
apiVersion: v1
kind: Secret
metadata:
  name: release-test-na-api-token
  namespace: "release-helm-namespace"
  labels:
    helm.sh/chart: "GOLDEN_STATIC_VALUE"
    app.kubernetes.io/name: wiz-network-analyzer
    app.kubernetes.io/instance: release-test
    app.kubernetes.io/version: "0.1"
    app.kubernetes.io/managed-by: Helm
  annotations:
    "helm.sh/hook": pre-install, pre-upgrade
    "helm.sh/hook-weight": "-1"
stringData:
  clientId: "client-id"
  clientToken: "client-secret"
